// Jest Snapshot v1, https://goo.gl/fbAQLP

exports[`Snapshot ListPLays Testar se o componente renderiza de acordo com a snapshot 1`] = `
<li
  className="sc-AykKC ipYTat"
>
  <strong>
    Jogadores
  </strong>
  <strong>
    Jogadas
  </strong>
</li>
`;
