// Jest Snapshot v1, https://goo.gl/fbAQLP

exports[`Snapshot Menu Testar se o componente renderiza de acordo com a snapshot 1`] = `<div />`;
